2026-08-31 19:28:07 [INFO] Queue worker thread started.
2026-08-31 19:28:07 [INFO] App starting. DOWNLOAD_BASE=/sdc
2026-08-31 19:28:24 [DEBUG] Browser client connected via websocket
2026-08-31 19:28:47 [INFO] Default download folder set to ''
2026-08-31 19:28:50 [INFO] Queued job 1: [spotify/audio] https://open.spotify.com/track/1MTQHCpraD4S8g5PAFKzoj -> /sdc
2026-08-31 19:28:51 [INFO] Picked up job 1 (spotify/audio): https://open.spotify.com/track/1MTQHCpraD4S8g5PAFKzoj
2026-08-31 19:28:51 [INFO] Starting Spotify download for https://open.spotify.com/track/1MTQHCpraD4S8g5PAFKzoj
2026-08-31 19:28:51 [DEBUG] Running command: spotdl download https://open.spotify.com/track/1MTQHCpraD4S8g5PAFKzoj --output '/sdc/{artists} - {title}.{output-ext}' --format mp3 --threads 2 --print-errors
2026-08-31 19:28:54 [DEBUG] Processing query: https://open.spotify.com/track/1MTQHCpraD4S8g5PAFKzoj         
2026-08-31 19:29:15 [DEBUG] YouTube Music returned no usable results for limp bizkit - behind blue eyes     
2026-08-31 19:29:15 [DEBUG] after 3 attempts                                                                
2026-08-31 19:29:44 [DEBUG] Downloaded "Limp Bizkit - Behind Blue Eyes":                                    
2026-08-31 19:29:44 [DEBUG] https://www.youtube.com/watch?v=Tr8uesBowS4                                     
2026-08-31 19:29:44 [INFO] Job 1 completed: 1 file(s)
2026-08-31 19:29:57 [DEBUG] Streaming file for history item 1: /sdc/Limp Bizkit - Behind Blue Eyes.mp3
2026-08-31 19:29:57 [DEBUG] Streaming file for history item 1: /sdc/Limp Bizkit - Behind Blue Eyes.mp3
2026-08-31 19:30:06 [DEBUG] Browser client connected via websocket
2026-08-31 19:30:19 [INFO] Queued job 2: [youtube/audio|playlist] https://www.youtube.com/watch?v=vfc8EjDuYNw&list=OLAK5uy_ni-FrhHw0eGYmTFjZPwF1BqsvsvUCiylA -> /sdc
2026-08-31 19:30:21 [INFO] Picked up job 2 (youtube/audio): https://www.youtube.com/watch?v=vfc8EjDuYNw&list=OLAK5uy_ni-FrhHw0eGYmTFjZPwF1BqsvsvUCiylA
2026-08-31 19:30:21 [INFO] Starting YouTube audio playlist download for https://www.youtube.com/watch?v=vfc8EjDuYNw&list=OLAK5uy_ni-FrhHw0eGYmTFjZPwF1BqsvsvUCiylA
2026-08-31 19:30:21 [DEBUG] Running command: yt-dlp --newline --no-warnings --ignore-config --yes-playlist -o '/sdc/%(playlist_index)s - %(title)s [%(id)s].%(ext)s' -x --audio-format mp3 --audio-quality 0 'https://www.youtube.com/watch?v=vfc8EjDuYNw&list=OLAK5uy_ni-FrhHw0eGYmTFjZPwF1BqsvsvUCiylA'
2026-08-31 19:30:21 [DEBUG] [youtube:tab] Extracting URL: https://www.youtube.com/watch?v=vfc8EjDuYNw&list=OLAK5uy_ni-FrhHw0eGYmTFjZPwF1BqsvsvUCiylA
2026-08-31 19:30:21 [DEBUG] [youtube:tab] Downloading playlist OLAK5uy_ni-FrhHw0eGYmTFjZPwF1BqsvsvUCiylA - add --no-playlist to download just the video vfc8EjDuYNw
2026-08-31 19:30:21 [DEBUG] [youtube:tab] OLAK5uy_ni-FrhHw0eGYmTFjZPwF1BqsvsvUCiylA: Downloading webpage
2026-08-31 19:30:22 [DEBUG] [youtube:tab] Extracting URL: https://www.youtube.com/playlist?list=OLAK5uy_ni-FrhHw0eGYmTFjZPwF1BqsvsvUCiylA
2026-08-31 19:30:22 [DEBUG] [youtube:tab] OLAK5uy_ni-FrhHw0eGYmTFjZPwF1BqsvsvUCiylA: Downloading webpage
2026-08-31 19:30:22 [DEBUG] [youtube:tab] OLAK5uy_ni-FrhHw0eGYmTFjZPwF1BqsvsvUCiylA: Redownloading playlist API JSON with unavailable videos
2026-08-31 19:30:22 [DEBUG] [download] Downloading playlist: As the World Bleeds
2026-08-31 19:30:22 [DEBUG] [youtube:tab] Playlist As the World Bleeds: Downloading 10 items of 10
2026-08-31 19:30:22 [DEBUG] [download] Downloading item 1 of 10
2026-08-31 19:30:22 [DEBUG] [youtube] Extracting URL: https://www.youtube.com/watch?v=vfc8EjDuYNw
2026-08-31 19:30:22 [DEBUG] [youtube] vfc8EjDuYNw: Downloading webpage
2026-08-31 19:30:23 [DEBUG] [youtube] vfc8EjDuYNw: Downloading visionos player API JSON
2026-08-31 19:30:23 [DEBUG] [youtube] vfc8EjDuYNw: Downloading m3u8 information
2026-08-31 19:30:23 [DEBUG] [info] vfc8EjDuYNw: Downloading 1 format(s): 251
2026-08-31 19:30:23 [DEBUG] [download] Destination: /sdc/01 - I Am [vfc8EjDuYNw].webm
2026-08-31 19:30:23 [DEBUG] [download]   0.0% of   10.29MiB at  378.99KiB/s ETA 00:27
2026-08-31 19:30:23 [DEBUG] [download]   0.0% of   10.29MiB at  978.76KiB/s ETA 00:10
2026-08-31 19:30:23 [DEBUG] [download]   0.1% of   10.29MiB at    1.89MiB/s ETA 00:05
2026-08-31 19:30:23 [DEBUG] [download]   0.1% of   10.29MiB at    2.96MiB/s ETA 00:03
2026-08-31 19:30:23 [DEBUG] [download]   0.3% of   10.29MiB at    5.20MiB/s ETA 00:01
2026-08-31 19:30:23 [DEBUG] [download]   0.6% of   10.29MiB at    3.30MiB/s ETA 00:03
2026-08-31 19:30:23 [DEBUG] [download]   1.2% of   10.29MiB at    4.43MiB/s ETA 00:02
2026-08-31 19:30:23 [DEBUG] [download]   2.4% of   10.29MiB at    5.30MiB/s ETA 00:01
2026-08-31 19:30:24 [DEBUG] [download]   4.9% of   10.29MiB at    3.87MiB/s ETA 00:02
2026-08-31 19:30:24 [DEBUG] [download]   9.7% of   10.29MiB at    4.95MiB/s ETA 00:01
2026-08-31 19:30:24 [DEBUG] [download]  19.4% of   10.29MiB at    4.36MiB/s ETA 00:01
2026-08-31 19:30:24 [DEBUG] [download]  38.9% of   10.29MiB at    4.48MiB/s ETA 00:01
2026-08-31 19:30:25 [DEBUG] [download]  77.8% of   10.29MiB at    4.97MiB/s ETA 00:00
2026-08-31 19:30:25 [DEBUG] [download]  93.2% of   10.29MiB at    5.05MiB/s ETA 00:00
2026-08-31 19:30:25 [DEBUG] [download]  93.2% of   10.29MiB at  Unknown B/s ETA Unknown
2026-08-31 19:30:25 [DEBUG] [download]  93.2% of   10.29MiB at    2.85MiB/s ETA 00:00
2026-08-31 19:30:25 [DEBUG] [download]  93.2% of   10.29MiB at    2.55MiB/s ETA 00:00
2026-08-31 19:30:25 [DEBUG] [download]  93.3% of   10.29MiB at    2.49MiB/s ETA 00:00
2026-08-31 19:30:25 [DEBUG] [download]  93.5% of   10.29MiB at    4.02MiB/s ETA 00:00
2026-08-31 19:30:25 [DEBUG] [download]  93.8% of   10.29MiB at    6.93MiB/s ETA 00:00
2026-08-31 19:30:25 [DEBUG] [download]  94.4% of   10.29MiB at   12.75MiB/s ETA 00:00
2026-08-31 19:30:25 [DEBUG] [download]  95.6% of   10.29MiB at   10.46MiB/s ETA 00:00
2026-08-31 19:30:25 [DEBUG] [download]  98.0% of   10.29MiB at   10.55MiB/s ETA 00:00
2026-08-31 19:30:26 [DEBUG] [download] 100.0% of   10.29MiB at   10.32MiB/s ETA 00:00
2026-08-31 19:30:26 [DEBUG] [download] 100% of   10.29MiB in 00:00:02 at 4.70MiB/s
2026-08-31 19:30:26 [DEBUG] [ExtractAudio] Destination: /sdc/01 - I Am [vfc8EjDuYNw].mp3
2026-08-31 19:30:34 [DEBUG] Deleting original file /sdc/01 - I Am [vfc8EjDuYNw].webm (pass -k to keep)
2026-08-31 19:30:34 [DEBUG] [download] Downloading item 2 of 10
2026-08-31 19:30:34 [DEBUG] [youtube] Extracting URL: https://www.youtube.com/watch?v=xQuItXqW3ms
2026-08-31 19:30:34 [DEBUG] [youtube] xQuItXqW3ms: Downloading webpage
2026-08-31 19:30:35 [DEBUG] [youtube] xQuItXqW3ms: Downloading visionos player API JSON
2026-08-31 19:30:35 [DEBUG] [youtube] xQuItXqW3ms: Downloading m3u8 information
2026-08-31 19:30:35 [DEBUG] [info] xQuItXqW3ms: Downloading 1 format(s): 251
2026-08-31 19:30:36 [DEBUG] [download] Destination: /sdc/02 - The Master Storyteller [xQuItXqW3ms].webm
2026-08-31 19:30:36 [DEBUG] [download]   0.0% of    3.78MiB at  392.87KiB/s ETA 00:09
2026-08-31 19:30:36 [DEBUG] [download]   0.1% of    3.78MiB at  911.34KiB/s ETA 00:04
2026-08-31 19:30:36 [DEBUG] [download]   0.2% of    3.78MiB at    1.68MiB/s ETA 00:02
2026-08-31 19:30:36 [DEBUG] [download]   0.4% of    3.78MiB at    2.35MiB/s ETA 00:01
2026-08-31 19:30:36 [DEBUG] [download]   0.8% of    3.78MiB at    3.92MiB/s ETA 00:00
2026-08-31 19:30:36 [DEBUG] [download]   1.6% of    3.78MiB at    6.91MiB/s ETA 00:00
2026-08-31 19:30:36 [DEBUG] [download]   3.3% of    3.78MiB at    2.41MiB/s ETA 00:01
2026-08-31 19:30:36 [DEBUG] [download]   6.6% of    3.78MiB at    3.87MiB/s ETA 00:00
2026-08-31 19:30:36 [DEBUG] [download]  13.2% of    3.78MiB at    4.96MiB/s ETA 00:00
2026-08-31 19:30:36 [DEBUG] [download]  26.4% of    3.78MiB at    6.24MiB/s ETA 00:00
2026-08-31 19:30:36 [DEBUG] [download]  52.9% of    3.78MiB at    7.31MiB/s ETA 00:00
2026-08-31 19:30:37 [DEBUG] [download] 100.0% of    3.78MiB at    5.58MiB/s ETA 00:00
2026-08-31 19:30:37 [DEBUG] [download] 100% of    3.78MiB in 00:00:01 at 3.03MiB/s
2026-08-31 19:30:37 [DEBUG] [ExtractAudio] Destination: /sdc/02 - The Master Storyteller [xQuItXqW3ms].mp3
2026-08-31 19:30:40 [DEBUG] Deleting original file /sdc/02 - The Master Storyteller [xQuItXqW3ms].webm (pass -k to keep)
2026-08-31 19:30:40 [DEBUG] [download] Downloading item 3 of 10
2026-08-31 19:30:40 [DEBUG] [youtube] Extracting URL: https://www.youtube.com/watch?v=1RMzOYrMCYA
2026-08-31 19:30:40 [DEBUG] [youtube] 1RMzOYrMCYA: Downloading webpage
2026-08-31 19:30:41 [DEBUG] [youtube] 1RMzOYrMCYA: Downloading visionos player API JSON
2026-08-31 19:30:41 [DEBUG] [youtube] 1RMzOYrMCYA: Downloading m3u8 information
2026-08-31 19:30:41 [DEBUG] [info] 1RMzOYrMCYA: Downloading 1 format(s): 251
2026-08-31 19:30:41 [DEBUG] [download] Destination: /sdc/03 - Nailed [1RMzOYrMCYA].webm
2026-08-31 19:30:41 [DEBUG] [download]   0.0% of    5.97MiB at  246.54KiB/s ETA 00:24
2026-08-31 19:30:41 [DEBUG] [download]   0.0% of    5.97MiB at  616.24KiB/s ETA 00:09
2026-08-31 19:30:41 [DEBUG] [download]   0.1% of    5.97MiB at    1.02MiB/s ETA 00:05
2026-08-31 19:30:41 [DEBUG] [download]   0.2% of    5.97MiB at    1.55MiB/s ETA 00:03
2026-08-31 19:30:41 [DEBUG] [download]   0.5% of    5.97MiB at    2.70MiB/s ETA 00:02
2026-08-31 19:30:41 [DEBUG] [download]   1.0% of    5.97MiB at    5.08MiB/s ETA 00:01
2026-08-31 19:30:41 [DEBUG] [download]   2.1% of    5.97MiB at    8.67MiB/s ETA 00:00
2026-08-31 19:30:41 [DEBUG] [download]   4.2% of    5.97MiB at    7.12MiB/s ETA 00:00
2026-08-31 19:30:41 [DEBUG] [download]   8.4% of    5.97MiB at    6.33MiB/s ETA 00:00
2026-08-31 19:30:41 [DEBUG] [download]  16.7% of    5.97MiB at    6.33MiB/s ETA 00:00
2026-08-31 19:30:42 [DEBUG] [download]  33.5% of    5.97MiB at    5.17MiB/s ETA 00:00
2026-08-31 19:30:42 [DEBUG] [download]  66.9% of    5.97MiB at    6.36MiB/s ETA 00:00
2026-08-31 19:30:42 [DEBUG] [download] 100.0% of    5.97MiB at    6.10MiB/s ETA 00:00
2026-08-31 19:30:42 [DEBUG] [download] 100% of    5.97MiB in 00:00:01 at 4.97MiB/s
2026-08-31 19:30:42 [DEBUG] [ExtractAudio] Destination: /sdc/03 - Nailed [1RMzOYrMCYA].mp3
2026-08-31 19:30:47 [DEBUG] Deleting original file /sdc/03 - Nailed [1RMzOYrMCYA].webm (pass -k to keep)
2026-08-31 19:30:47 [DEBUG] [download] Downloading item 4 of 10
2026-08-31 19:30:47 [DEBUG] [youtube] Extracting URL: https://www.youtube.com/watch?v=pWc9KOTkB4A
2026-08-31 19:30:47 [DEBUG] [youtube] pWc9KOTkB4A: Downloading webpage
2026-08-31 19:30:48 [DEBUG] [youtube] pWc9KOTkB4A: Downloading visionos player API JSON
2026-08-31 19:30:48 [DEBUG] [youtube] pWc9KOTkB4A: Downloading m3u8 information
2026-08-31 19:30:49 [DEBUG] [info] pWc9KOTkB4A: Downloading 1 format(s): 251
2026-08-31 19:30:49 [DEBUG] [download] Destination: /sdc/04 - Theocracy - Hide in the Fairytale [OFFICIAL MUSIC VIDEO] [pWc9KOTkB4A].webm
2026-08-31 19:30:49 [DEBUG] [download]   0.0% of    4.01MiB at  425.69KiB/s ETA 00:09
2026-08-31 19:30:49 [DEBUG] [download]   0.1% of    4.01MiB at    1.10MiB/s ETA 00:03
2026-08-31 19:30:49 [DEBUG] [download]   0.2% of    4.01MiB at    2.23MiB/s ETA 00:01
2026-08-31 19:30:49 [DEBUG] [download]   0.4% of    4.01MiB at    3.60MiB/s ETA 00:01
2026-08-31 19:30:49 [DEBUG] [download]   0.8% of    4.01MiB at    6.13MiB/s ETA 00:00
2026-08-31 19:30:49 [DEBUG] [download]   1.5% of    4.01MiB at    6.65MiB/s ETA 00:00
2026-08-31 19:30:49 [DEBUG] [download]   3.1% of    4.01MiB at    6.18MiB/s ETA 00:00
2026-08-31 19:30:49 [DEBUG] [download]   6.2% of    4.01MiB at    7.09MiB/s ETA 00:00
2026-08-31 19:30:49 [DEBUG] [download]  12.4% of    4.01MiB at    6.86MiB/s ETA 00:00
2026-08-31 19:30:49 [DEBUG] [download]  24.9% of    4.01MiB at    6.91MiB/s ETA 00:00
2026-08-31 19:30:49 [DEBUG] [download]  49.8% of    4.01MiB at    4.70MiB/s ETA 00:00
2026-08-31 19:30:49 [DEBUG] [download]  99.6% of    4.01MiB at    5.61MiB/s ETA 00:00
2026-08-31 19:30:49 [DEBUG] [download] 100.0% of    4.01MiB at    5.62MiB/s ETA 00:00
2026-08-31 19:30:49 [DEBUG] [download] 100% of    4.01MiB in 00:00:00 at 5.07MiB/s
2026-08-31 19:30:49 [DEBUG] [ExtractAudio] Destination: /sdc/04 - Theocracy - Hide in the Fairytale [OFFICIAL MUSIC VIDEO] [pWc9KOTkB4A].mp3
2026-08-31 19:30:53 [DEBUG] Deleting original file /sdc/04 - Theocracy - Hide in the Fairytale [OFFICIAL MUSIC VIDEO] [pWc9KOTkB4A].webm (pass -k to keep)
2026-08-31 19:30:53 [DEBUG] [download] Downloading item 5 of 10
2026-08-31 19:30:53 [DEBUG] [youtube] Extracting URL: https://www.youtube.com/watch?v=tLbMpiwkDeQ
2026-08-31 19:30:53 [DEBUG] [youtube] tLbMpiwkDeQ: Downloading webpage
2026-08-31 19:30:54 [DEBUG] [youtube] tLbMpiwkDeQ: Downloading visionos player API JSON
2026-08-31 19:30:54 [DEBUG] [youtube] tLbMpiwkDeQ: Downloading m3u8 information
2026-08-31 19:30:54 [DEBUG] [info] tLbMpiwkDeQ: Downloading 1 format(s): 251
2026-08-31 19:30:55 [DEBUG] [download] Destination: /sdc/05 - The Gift of Music [tLbMpiwkDeQ].webm
2026-08-31 19:30:55 [DEBUG] [download]   0.0% of    6.80MiB at  151.47KiB/s ETA 00:46
2026-08-31 19:30:55 [DEBUG] [download]   0.0% of    6.80MiB at  426.01KiB/s ETA 00:16
2026-08-31 19:30:55 [DEBUG] [download]   0.1% of    6.80MiB at  925.43KiB/s ETA 00:07
2026-08-31 19:30:55 [DEBUG] [download]   0.2% of    6.80MiB at    1.69MiB/s ETA 00:04
2026-08-31 19:30:55 [DEBUG] [download]   0.4% of    6.80MiB at    3.16MiB/s ETA 00:02
2026-08-31 19:30:55 [DEBUG] [download]   0.9% of    6.80MiB at    1.62MiB/s ETA 00:04
2026-08-31 19:30:55 [DEBUG] [download]   1.8% of    6.80MiB at    2.63MiB/s ETA 00:02
2026-08-31 19:30:55 [DEBUG] [download]   3.7% of    6.80MiB at    2.50MiB/s ETA 00:02
2026-08-31 19:30:55 [DEBUG] [download]   7.3% of    6.80MiB at    3.53MiB/s ETA 00:01
2026-08-31 19:30:55 [DEBUG] [download]  14.7% of    6.80MiB at    4.06MiB/s ETA 00:01
2026-08-31 19:30:55 [DEBUG] [download]  29.4% of    6.80MiB at    6.09MiB/s ETA 00:00
2026-08-31 19:30:55 [DEBUG] [download]  58.8% of    6.80MiB at    6.07MiB/s ETA 00:00
2026-08-31 19:30:56 [DEBUG] [download] 100.0% of    6.80MiB at    4.79MiB/s ETA 00:00
2026-08-31 19:30:56 [DEBUG] [download] 100% of    6.80MiB in 00:00:01 at 3.75MiB/s
2026-08-31 19:30:56 [DEBUG] [ExtractAudio] Destination: /sdc/05 - The Gift of Music [tLbMpiwkDeQ].mp3
2026-08-31 19:31:01 [DEBUG] Deleting original file /sdc/05 - The Gift of Music [tLbMpiwkDeQ].webm (pass -k to keep)
2026-08-31 19:31:01 [DEBUG] [download] Downloading item 6 of 10
2026-08-31 19:31:01 [DEBUG] [youtube] Extracting URL: https://www.youtube.com/watch?v=vs9hlVMX8eM
2026-08-31 19:31:01 [DEBUG] [youtube] vs9hlVMX8eM: Downloading webpage
2026-08-31 19:31:02 [DEBUG] [youtube] vs9hlVMX8eM: Downloading visionos player API JSON
2026-08-31 19:31:02 [DEBUG] [youtube] vs9hlVMX8eM: Downloading m3u8 information
2026-08-31 19:31:02 [DEBUG] [info] vs9hlVMX8eM: Downloading 1 format(s): 251
2026-08-31 19:31:02 [DEBUG] [download] Destination: /sdc/06 - 30 Pieces of Silver [vs9hlVMX8eM].webm
2026-08-31 19:31:02 [DEBUG] [download]   0.0% of    4.71MiB at  171.70KiB/s ETA 00:28
2026-08-31 19:31:02 [DEBUG] [download]   0.1% of    4.71MiB at  442.19KiB/s ETA 00:10
2026-08-31 19:31:02 [DEBUG] [download]   0.1% of    4.71MiB at  872.72KiB/s ETA 00:05
2026-08-31 19:31:02 [DEBUG] [download]   0.3% of    4.71MiB at    1.48MiB/s ETA 00:03
2026-08-31 19:31:02 [DEBUG] [download]   0.6% of    4.71MiB at    2.63MiB/s ETA 00:01
2026-08-31 19:31:02 [DEBUG] [download]   1.3% of    4.71MiB at    4.47MiB/s ETA 00:01
2026-08-31 19:31:02 [DEBUG] [download]   2.6% of    4.71MiB at    4.55MiB/s ETA 00:01
2026-08-31 19:31:02 [DEBUG] [download]   5.3% of    4.71MiB at    4.96MiB/s ETA 00:00
2026-08-31 19:31:02 [DEBUG] [download]  10.6% of    4.71MiB at    3.86MiB/s ETA 00:01
2026-08-31 19:31:03 [DEBUG] [download]  21.2% of    4.71MiB at    4.30MiB/s ETA 00:00
2026-08-31 19:31:03 [DEBUG] [download]  42.4% of    4.71MiB at    3.40MiB/s ETA 00:00
2026-08-31 19:31:03 [DEBUG] [download]  84.9% of    4.71MiB at    3.34MiB/s ETA 00:00
2026-08-31 19:31:04 [DEBUG] [download] 100.0% of    4.71MiB at    3.11MiB/s ETA 00:00
2026-08-31 19:31:04 [DEBUG] [download] 100% of    4.71MiB in 00:00:01 at 2.78MiB/s
2026-08-31 19:31:04 [DEBUG] [ExtractAudio] Destination: /sdc/06 - 30 Pieces of Silver [vs9hlVMX8eM].mp3
2026-08-31 19:31:08 [DEBUG] Deleting original file /sdc/06 - 30 Pieces of Silver [vs9hlVMX8eM].webm (pass -k to keep)
2026-08-31 19:31:08 [DEBUG] [download] Downloading item 7 of 10
2026-08-31 19:31:08 [DEBUG] [youtube] Extracting URL: https://www.youtube.com/watch?v=b_gqPE1vwWU
2026-08-31 19:31:08 [DEBUG] [youtube] b_gqPE1vwWU: Downloading webpage
2026-08-31 19:31:08 [DEBUG] [youtube] b_gqPE1vwWU: Downloading visionos player API JSON
2026-08-31 19:31:09 [DEBUG] [youtube] b_gqPE1vwWU: Downloading m3u8 information
2026-08-31 19:31:09 [DEBUG] [info] b_gqPE1vwWU: Downloading 1 format(s): 251
2026-08-31 19:31:09 [DEBUG] [download] Destination: /sdc/07 - Drown [b_gqPE1vwWU].webm
2026-08-31 19:31:09 [DEBUG] [download]   0.0% of    5.13MiB at  447.20KiB/s ETA 00:11
2026-08-31 19:31:09 [DEBUG] [download]   0.1% of    5.13MiB at 1004.54KiB/s ETA 00:05
2026-08-31 19:31:09 [DEBUG] [download]   0.1% of    5.13MiB at    1.84MiB/s ETA 00:02
2026-08-31 19:31:09 [DEBUG] [download]   0.3% of    5.13MiB at    2.59MiB/s ETA 00:01
2026-08-31 19:31:09 [DEBUG] [download]   0.6% of    5.13MiB at    4.40MiB/s ETA 00:01
2026-08-31 19:31:09 [DEBUG] [download]   1.2% of    5.13MiB at    7.62MiB/s ETA 00:00
2026-08-31 19:31:09 [DEBUG] [download]   2.4% of    5.13MiB at    1.74MiB/s ETA 00:02
2026-08-31 19:31:09 [DEBUG] [download]   4.9% of    5.13MiB at    2.70MiB/s ETA 00:01
2026-08-31 19:31:09 [DEBUG] [download]   9.7% of    5.13MiB at    3.21MiB/s ETA 00:01
2026-08-31 19:31:10 [DEBUG] [download]  19.5% of    5.13MiB at    3.62MiB/s ETA 00:01
2026-08-31 19:31:10 [DEBUG] [download]  39.0% of    5.13MiB at    2.84MiB/s ETA 00:01
2026-08-31 19:31:11 [DEBUG] [download]  78.0% of    5.13MiB at    2.65MiB/s ETA 00:00
2026-08-31 19:31:11 [DEBUG] [download] 100.0% of    5.13MiB at    2.74MiB/s ETA 00:00
2026-08-31 19:31:11 [DEBUG] [download] 100% of    5.13MiB in 00:00:02 at 2.04MiB/s
2026-08-31 19:31:11 [DEBUG] [ExtractAudio] Destination: /sdc/07 - Drown [b_gqPE1vwWU].mp3
2026-08-31 19:31:15 [DEBUG] Deleting original file /sdc/07 - Drown [b_gqPE1vwWU].webm (pass -k to keep)
2026-08-31 19:31:15 [DEBUG] [download] Downloading item 8 of 10
2026-08-31 19:31:15 [DEBUG] [youtube] Extracting URL: https://www.youtube.com/watch?v=_Vw2pcinvm8
2026-08-31 19:31:15 [DEBUG] [youtube] _Vw2pcinvm8: Downloading webpage
2026-08-31 19:31:16 [DEBUG] [youtube] _Vw2pcinvm8: Downloading visionos player API JSON
2026-08-31 19:31:17 [DEBUG] [youtube] _Vw2pcinvm8: Downloading m3u8 information
2026-08-31 19:31:17 [DEBUG] [info] _Vw2pcinvm8: Downloading 1 format(s): 251
2026-08-31 19:31:17 [DEBUG] [download] Destination: /sdc/08 - Altar to the Unknown God [_Vw2pcinvm8].webm
2026-08-31 19:31:17 [DEBUG] [download]   0.0% of    5.26MiB at  549.21KiB/s ETA 00:09
2026-08-31 19:31:17 [DEBUG] [download]   0.1% of    5.26MiB at    1.22MiB/s ETA 00:04
2026-08-31 19:31:17 [DEBUG] [download]   0.1% of    5.26MiB at    2.03MiB/s ETA 00:02
2026-08-31 19:31:17 [DEBUG] [download]   0.3% of    5.26MiB at    2.28MiB/s ETA 00:02
2026-08-31 19:31:17 [DEBUG] [download]   0.6% of    5.26MiB at    3.85MiB/s ETA 00:01
2026-08-31 19:31:17 [DEBUG] [download]   1.2% of    5.26MiB at    6.35MiB/s ETA 00:00
2026-08-31 19:31:17 [DEBUG] [download]   2.4% of    5.26MiB at    5.89MiB/s ETA 00:00
2026-08-31 19:31:17 [DEBUG] [download]   4.7% of    5.26MiB at    5.46MiB/s ETA 00:00
2026-08-31 19:31:17 [DEBUG] [download]   9.5% of    5.26MiB at    6.38MiB/s ETA 00:00
2026-08-31 19:31:17 [DEBUG] [download]  19.0% of    5.26MiB at    6.32MiB/s ETA 00:00
2026-08-31 19:31:17 [DEBUG] [download]  38.0% of    5.26MiB at    4.84MiB/s ETA 00:00
2026-08-31 19:31:18 [DEBUG] [download]  76.1% of    5.26MiB at    4.05MiB/s ETA 00:00
2026-08-31 19:31:18 [DEBUG] [download] 100.0% of    5.26MiB at    4.15MiB/s ETA 00:00
2026-08-31 19:31:18 [DEBUG] [download] 100% of    5.26MiB in 00:00:01 at 3.70MiB/s
2026-08-31 19:31:18 [DEBUG] [ExtractAudio] Destination: /sdc/08 - Altar to the Unknown God [_Vw2pcinvm8].mp3
2026-08-31 19:31:19 [DEBUG] Browser client connected via websocket
2026-08-31 19:31:19 [DEBUG] Browser client connected via websocket
2026-08-31 19:31:20 [DEBUG] Browser client connected via websocket
2026-08-31 19:31:20 [DEBUG] Browser client connected via websocket
2026-08-31 19:31:20 [DEBUG] Browser client connected via websocket
2026-08-31 19:31:21 [DEBUG] Browser client connected via websocket
2026-08-31 19:31:22 [DEBUG] Browser client connected via websocket
2026-08-31 19:31:22 [DEBUG] Deleting original file /sdc/08 - Altar to the Unknown God [_Vw2pcinvm8].webm (pass -k to keep)
2026-08-31 19:31:22 [DEBUG] [download] Downloading item 9 of 10
2026-08-31 19:31:22 [DEBUG] [youtube] Extracting URL: https://www.youtube.com/watch?v=l6N9zFUVLuk
2026-08-31 19:31:22 [DEBUG] [youtube] l6N9zFUVLuk: Downloading webpage
2026-08-31 19:31:23 [DEBUG] [youtube] l6N9zFUVLuk: Downloading visionos player API JSON
2026-08-31 19:31:23 [DEBUG] [youtube] l6N9zFUVLuk: Downloading m3u8 information
2026-08-31 19:31:24 [DEBUG] [info] l6N9zFUVLuk: Downloading 1 format(s): 251
2026-08-31 19:31:24 [DEBUG] [download] Destination: /sdc/09 - Light of the World [l6N9zFUVLuk].webm
2026-08-31 19:31:24 [DEBUG] [download]   0.0% of    4.18MiB at  196.74KiB/s ETA 00:21
2026-08-31 19:31:24 [DEBUG] [download]   0.1% of    4.18MiB at  466.29KiB/s ETA 00:09
2026-08-31 19:31:24 [DEBUG] [download]   0.2% of    4.18MiB at  884.77KiB/s ETA 00:04
2026-08-31 19:31:24 [DEBUG] [download]   0.4% of    4.18MiB at    1.42MiB/s ETA 00:02
2026-08-31 19:31:24 [DEBUG] [download]   0.7% of    4.18MiB at    2.60MiB/s ETA 00:01
2026-08-31 19:31:24 [DEBUG] [download]   1.5% of    4.18MiB at    4.88MiB/s ETA 00:00
2026-08-31 19:31:24 [DEBUG] [download]   3.0% of    4.18MiB at    5.19MiB/s ETA 00:00
2026-08-31 19:31:24 [DEBUG] [download]   6.0% of    4.18MiB at    6.91MiB/s ETA 00:00
2026-08-31 19:31:24 [DEBUG] [download]  11.9% of    4.18MiB at    7.92MiB/s ETA 00:00
2026-08-31 19:31:24 [DEBUG] [download]  23.9% of    4.18MiB at    8.13MiB/s ETA 00:00
2026-08-31 19:31:24 [DEBUG] [download]  47.8% of    4.18MiB at    6.57MiB/s ETA 00:00
2026-08-31 19:31:25 [DEBUG] [download]  95.6% of    4.18MiB at    4.83MiB/s ETA 00:00
2026-08-31 19:31:25 [DEBUG] [download] 100.0% of    4.18MiB at    4.77MiB/s ETA 00:00
2026-08-31 19:31:25 [DEBUG] [download] 100% of    4.18MiB in 00:00:01 at 3.50MiB/s
2026-08-31 19:31:25 [DEBUG] [ExtractAudio] Destination: /sdc/09 - Light of the World [l6N9zFUVLuk].mp3
2026-08-31 19:31:28 [DEBUG] Deleting original file /sdc/09 - Light of the World [l6N9zFUVLuk].webm (pass -k to keep)
2026-08-31 19:31:28 [DEBUG] [download] Downloading item 10 of 10
2026-08-31 19:31:28 [DEBUG] [youtube] Extracting URL: https://www.youtube.com/watch?v=Lyfhcb67WA8
2026-08-31 19:31:28 [DEBUG] [youtube] Lyfhcb67WA8: Downloading webpage
2026-08-31 19:31:29 [DEBUG] [youtube] Lyfhcb67WA8: Downloading visionos player API JSON
2026-08-31 19:31:32 [DEBUG] [youtube] Lyfhcb67WA8: Downloading m3u8 information
2026-08-31 19:31:32 [DEBUG] [info] Lyfhcb67WA8: Downloading 1 format(s): 251
2026-08-31 19:31:32 [DEBUG] [download] Destination: /sdc/10 - As the World Bleeds [Lyfhcb67WA8].webm
2026-08-31 19:31:32 [DEBUG] [download]   0.0% of    7.38MiB at  265.63KiB/s ETA 00:28
2026-08-31 19:31:32 [DEBUG] [download]   0.0% of    7.38MiB at  655.94KiB/s ETA 00:11
2026-08-31 19:31:32 [DEBUG] [download]   0.1% of    7.38MiB at    1.13MiB/s ETA 00:06
2026-08-31 19:31:32 [DEBUG] [download]   0.2% of    7.38MiB at    1.69MiB/s ETA 00:04
2026-08-31 19:31:32 [DEBUG] [download]   0.4% of    7.38MiB at    2.96MiB/s ETA 00:02
2026-08-31 19:31:32 [DEBUG] [download]   0.8% of    7.38MiB at    5.43MiB/s ETA 00:01
2026-08-31 19:31:32 [DEBUG] [download]   1.7% of    7.38MiB at    6.85MiB/s ETA 00:01
2026-08-31 19:31:32 [DEBUG] [download]   3.4% of    7.38MiB at    3.68MiB/s ETA 00:01
2026-08-31 19:31:32 [DEBUG] [download]   6.8% of    7.38MiB at    4.04MiB/s ETA 00:01
2026-08-31 19:31:32 [DEBUG] [download]  13.5% of    7.38MiB at    6.13MiB/s ETA 00:01
2026-08-31 19:31:32 [DEBUG] [download]  27.1% of    7.38MiB at    6.23MiB/s ETA 00:00
2026-08-31 19:31:33 [DEBUG] [download]  54.2% of    7.38MiB at    4.80MiB/s ETA 00:00
2026-08-31 19:31:34 [DEBUG] [download] 100.0% of    7.38MiB at    4.52MiB/s ETA 00:00
2026-08-31 19:31:34 [DEBUG] [download] 100% of    7.38MiB in 00:00:01 at 3.84MiB/s
2026-08-31 19:31:34 [DEBUG] [ExtractAudio] Destination: /sdc/10 - As the World Bleeds [Lyfhcb67WA8].mp3
2026-08-31 19:31:39 [DEBUG] Deleting original file /sdc/10 - As the World Bleeds [Lyfhcb67WA8].webm (pass -k to keep)
2026-08-31 19:31:39 [DEBUG] [download] Finished downloading playlist: As the World Bleeds
2026-08-31 19:31:39 [INFO] Job 2 completed: 10 file(s)
2026-08-31 19:31:42 [DEBUG] Streaming file for history item 11: /sdc/10 - As the World Bleeds [Lyfhcb67WA8].mp3
2026-08-31 19:31:42 [DEBUG] Streaming file for history item 11: /sdc/10 - As the World Bleeds [Lyfhcb67WA8].mp3
2026-08-31 19:31:45 [DEBUG] Streaming file for history item 11: /sdc/10 - As the World Bleeds [Lyfhcb67WA8].mp3
2026-08-31 19:31:45 [DEBUG] Streaming file for history item 11: /sdc/10 - As the World Bleeds [Lyfhcb67WA8].mp3
2026-08-31 19:31:45 [DEBUG] Streaming file for history item 11: /sdc/10 - As the World Bleeds [Lyfhcb67WA8].mp3
2026-08-31 19:31:45 [DEBUG] Streaming file for history item 11: /sdc/10 - As the World Bleeds [Lyfhcb67WA8].mp3
2026-08-31 19:31:45 [DEBUG] Streaming file for history item 11: /sdc/10 - As the World Bleeds [Lyfhcb67WA8].mp3
2026-08-31 19:31:52 [DEBUG] Streaming file for history item 2: /sdc/01 - I Am [vfc8EjDuYNw].mp3
2026-08-31 19:31:52 [DEBUG] Streaming file for history item 2: /sdc/01 - I Am [vfc8EjDuYNw].mp3
2026-08-31 19:31:53 [DEBUG] Streaming file for history item 2: /sdc/01 - I Am [vfc8EjDuYNw].mp3
2026-08-31 19:31:53 [DEBUG] Streaming file for history item 2: /sdc/01 - I Am [vfc8EjDuYNw].mp3
